// Jest Snapshot v1, https://goo.gl/fbAQLP

exports[`<App /> should render App as default 1`] = `
<div>
  <div
    class="grid grid-cols-1 md:grid-cols-2 lg:grid-cols-3 gap-4"
  >
    <div
      class="w-60 h-24 border-2 rounded-md mx-auto my-2"
    >
      <div
        class="flex animate-pulse flex-row items-center h-full justify-center space-x-5"
      >
        <div
          class="w-12 bg-gray-300 h-12 rounded-full "
        />
        <div
          class="flex flex-col space-y-3"
        >
          <div
            class="w-36 bg-gray-300 h-6 rounded-md "
          />
          <div
            class="w-24 bg-gray-300 h-6 rounded-md "
          />
        </div>
      </div>
    </div>
    <div
      class="w-60 h-24 border-2 rounded-md mx-auto my-2"
    >
      <div
        class="flex animate-pulse flex-row items-center h-full justify-center space-x-5"
      >
        <div
          class="w-12 bg-gray-300 h-12 rounded-full "
        />
        <div
          class="flex flex-col space-y-3"
        >
          <div
            class="w-36 bg-gray-300 h-6 rounded-md "
          />
          <div
            class="w-24 bg-gray-300 h-6 rounded-md "
          />
        </div>
      </div>
    </div>
    <div
      class="w-60 h-24 border-2 rounded-md mx-auto my-2"
    >
      <div
        class="flex animate-pulse flex-row items-center h-full justify-center space-x-5"
      >
        <div
          class="w-12 bg-gray-300 h-12 rounded-full "
        />
        <div
          class="flex flex-col space-y-3"
        >
          <div
            class="w-36 bg-gray-300 h-6 rounded-md "
          />
          <div
            class="w-24 bg-gray-300 h-6 rounded-md "
          />
        </div>
      </div>
    </div>
    <div
      class="w-60 h-24 border-2 rounded-md mx-auto my-2"
    >
      <div
        class="flex animate-pulse flex-row items-center h-full justify-center space-x-5"
      >
        <div
          class="w-12 bg-gray-300 h-12 rounded-full "
        />
        <div
          class="flex flex-col space-y-3"
        >
          <div
            class="w-36 bg-gray-300 h-6 rounded-md "
          />
          <div
            class="w-24 bg-gray-300 h-6 rounded-md "
          />
        </div>
      </div>
    </div>
    <div
      class="w-60 h-24 border-2 rounded-md mx-auto my-2"
    >
      <div
        class="flex animate-pulse flex-row items-center h-full justify-center space-x-5"
      >
        <div
          class="w-12 bg-gray-300 h-12 rounded-full "
        />
        <div
          class="flex flex-col space-y-3"
        >
          <div
            class="w-36 bg-gray-300 h-6 rounded-md "
          />
          <div
            class="w-24 bg-gray-300 h-6 rounded-md "
          />
        </div>
      </div>
    </div>
    <div
      class="w-60 h-24 border-2 rounded-md mx-auto my-2"
    >
      <div
        class="flex animate-pulse flex-row items-center h-full justify-center space-x-5"
      >
        <div
          class="w-12 bg-gray-300 h-12 rounded-full "
        />
        <div
          class="flex flex-col space-y-3"
        >
          <div
            class="w-36 bg-gray-300 h-6 rounded-md "
          />
          <div
            class="w-24 bg-gray-300 h-6 rounded-md "
          />
        </div>
      </div>
    </div>
    <div
      class="w-60 h-24 border-2 rounded-md mx-auto my-2"
    >
      <div
        class="flex animate-pulse flex-row items-center h-full justify-center space-x-5"
      >
        <div
          class="w-12 bg-gray-300 h-12 rounded-full "
        />
        <div
          class="flex flex-col space-y-3"
        >
          <div
            class="w-36 bg-gray-300 h-6 rounded-md "
          />
          <div
            class="w-24 bg-gray-300 h-6 rounded-md "
          />
        </div>
      </div>
    </div>
    <div
      class="w-60 h-24 border-2 rounded-md mx-auto my-2"
    >
      <div
        class="flex animate-pulse flex-row items-center h-full justify-center space-x-5"
      >
        <div
          class="w-12 bg-gray-300 h-12 rounded-full "
        />
        <div
          class="flex flex-col space-y-3"
        >
          <div
            class="w-36 bg-gray-300 h-6 rounded-md "
          />
          <div
            class="w-24 bg-gray-300 h-6 rounded-md "
          />
        </div>
      </div>
    </div>
    <div
      class="w-60 h-24 border-2 rounded-md mx-auto my-2"
    >
      <div
        class="flex animate-pulse flex-row items-center h-full justify-center space-x-5"
      >
        <div
          class="w-12 bg-gray-300 h-12 rounded-full "
        />
        <div
          class="flex flex-col space-y-3"
        >
          <div
            class="w-36 bg-gray-300 h-6 rounded-md "
          />
          <div
            class="w-24 bg-gray-300 h-6 rounded-md "
          />
        </div>
      </div>
    </div>
    <div
      class="w-60 h-24 border-2 rounded-md mx-auto my-2"
    >
      <div
        class="flex animate-pulse flex-row items-center h-full justify-center space-x-5"
      >
        <div
          class="w-12 bg-gray-300 h-12 rounded-full "
        />
        <div
          class="flex flex-col space-y-3"
        >
          <div
            class="w-36 bg-gray-300 h-6 rounded-md "
          />
          <div
            class="w-24 bg-gray-300 h-6 rounded-md "
          />
        </div>
      </div>
    </div>
    <div
      class="w-60 h-24 border-2 rounded-md mx-auto my-2"
    >
      <div
        class="flex animate-pulse flex-row items-center h-full justify-center space-x-5"
      >
        <div
          class="w-12 bg-gray-300 h-12 rounded-full "
        />
        <div
          class="flex flex-col space-y-3"
        >
          <div
            class="w-36 bg-gray-300 h-6 rounded-md "
          />
          <div
            class="w-24 bg-gray-300 h-6 rounded-md "
          />
        </div>
      </div>
    </div>
    <div
      class="w-60 h-24 border-2 rounded-md mx-auto my-2"
    >
      <div
        class="flex animate-pulse flex-row items-center h-full justify-center space-x-5"
      >
        <div
          class="w-12 bg-gray-300 h-12 rounded-full "
        />
        <div
          class="flex flex-col space-y-3"
        >
          <div
            class="w-36 bg-gray-300 h-6 rounded-md "
          />
          <div
            class="w-24 bg-gray-300 h-6 rounded-md "
          />
        </div>
      </div>
    </div>
    <div
      class="w-60 h-24 border-2 rounded-md mx-auto my-2"
    >
      <div
        class="flex animate-pulse flex-row items-center h-full justify-center space-x-5"
      >
        <div
          class="w-12 bg-gray-300 h-12 rounded-full "
        />
        <div
          class="flex flex-col space-y-3"
        >
          <div
            class="w-36 bg-gray-300 h-6 rounded-md "
          />
          <div
            class="w-24 bg-gray-300 h-6 rounded-md "
          />
        </div>
      </div>
    </div>
    <div
      class="w-60 h-24 border-2 rounded-md mx-auto my-2"
    >
      <div
        class="flex animate-pulse flex-row items-center h-full justify-center space-x-5"
      >
        <div
          class="w-12 bg-gray-300 h-12 rounded-full "
        />
        <div
          class="flex flex-col space-y-3"
        >
          <div
            class="w-36 bg-gray-300 h-6 rounded-md "
          />
          <div
            class="w-24 bg-gray-300 h-6 rounded-md "
          />
        </div>
      </div>
    </div>
    <div
      class="w-60 h-24 border-2 rounded-md mx-auto my-2"
    >
      <div
        class="flex animate-pulse flex-row items-center h-full justify-center space-x-5"
      >
        <div
          class="w-12 bg-gray-300 h-12 rounded-full "
        />
        <div
          class="flex flex-col space-y-3"
        >
          <div
            class="w-36 bg-gray-300 h-6 rounded-md "
          />
          <div
            class="w-24 bg-gray-300 h-6 rounded-md "
          />
        </div>
      </div>
    </div>
    <div
      class="w-60 h-24 border-2 rounded-md mx-auto my-2"
    >
      <div
        class="flex animate-pulse flex-row items-center h-full justify-center space-x-5"
      >
        <div
          class="w-12 bg-gray-300 h-12 rounded-full "
        />
        <div
          class="flex flex-col space-y-3"
        >
          <div
            class="w-36 bg-gray-300 h-6 rounded-md "
          />
          <div
            class="w-24 bg-gray-300 h-6 rounded-md "
          />
        </div>
      </div>
    </div>
  </div>
</div>
`;
