// Jest Snapshot v1, https://goo.gl/fbAQLP

exports[`<DropdownMenu /> should render DropdownMenu as default 1`] = `
<div>
  <div
    class="relative flex-none"
  >
    <button
      aria-label="View"
      class="w-40 bg-white text-sm py-2 px-4 whitespace-nowrap text-black border-solid border-2 border-black font-normal flex justify-center items-center"
      data-testid="button-dropdow-menu"
      type="button"
    >
      <span
        class="flex-auto"
      >
         
        Grid
      </span>
      <svg
        class=" flex-none justify-self-end"
        fill="none"
        height="7"
        viewBox="0 0 11 7"
        width="11"
        xmlns="http://www.w3.org/2000/svg"
      >
        <path
          clip-rule="evenodd"
          d="M5.25 7L6.11959e-07 -9.17939e-07L10.5 0L5.25 7Z"
          fill="#333333"
          fill-rule="evenodd"
        />
      </svg>
    </button>
  </div>
</div>
`;
